// Jest Snapshot v1, https://goo.gl/fbAQLP

exports[`App Component Should render and match the snapshot 1`] = `
<div>
  <div
    class="flex h-screen w-screen flex-1 items-center justify-center"
  >
    Root App
  </div>
</div>
`;
